#
# There is insufficient memory for the Java Runtime Environment to continue.
# Native memory allocation (mmap) failed to map 199229440 bytes for G1 virtual space
# Possible reasons:
#   The system is out of physical RAM or swap space
#   The process is running with CompressedOops enabled, and the Java Heap may be blocking the growth of the native heap
# Possible solutions:
#   Reduce memory load on the system
#   Increase physical memory or swap space
#   Check if swap backing store is full
#   Decrease Java heap size (-Xmx/-Xms)
#   Decrease number of Java threads
#   Decrease Java thread stack sizes (-Xss)
#   Set larger code cache with -XX:ReservedCodeCacheSize=
#   JVM is running with Zero Based Compressed Oops mode in which the Java heap is
#     placed in the first 32GB address space. The Java Heap base address is the
#     maximum limit for the native heap growth. Please use -XX:HeapBaseMinAddress
#     to set the Java Heap base and to place the Java Heap above 32GB virtual address.
# This output file may be truncated or incomplete.
#
#  Out of Memory Error (os_windows.cpp:3617), pid=41756, tid=44312
#
# JRE version:  (17.0.8.1+1) (build )
# Java VM: OpenJDK 64-Bit Server VM (17.0.8.1+1, mixed mode, sharing, tiered, compressed oops, compressed class ptrs, g1 gc, windows-amd64)
# No core dump will be written. Minidumps are not enabled by default on client versions of Windows
#

---------------  S U M M A R Y ------------

Command Line: -Djpackage.app-version=4.4.7 -Dcompose.application.resources.dir=C:\Program Files\Processing\app\resources -Dcompose.application.configure.swing.globals=true -Dprocessing.version=4.4.7 -Dprocessing.revision=1307 -Dprocessing.contributions.source=https://contributions.processing.org/contribs -Dprocessing.download.page=https://processing.org/download/ -Dprocessing.download.latest=https://processing.org/download/latest.txt -Dprocessing.tutorials=https://processing.org/tutorials/ -Dsun.java2d.metal=true -Dawt.useSystemAAFontSettings=on -Dskiko.library.path=C:\Program Files\Processing\app -Djpackage.app-path=C:\Program Files\Processing\Processing.exe processing.app.ProcessingKt --version

Host: 13th Gen Intel(R) Core(TM) i7-13650HX, 20 cores, 11G,  Windows 11 , 64 bit Build 26100 (10.0.26100.7309)
Time: Tue Dec 16 20:12:27 2025 China Standard Time elapsed time: 0.017205 seconds (0d 0h 0m 0s)

---------------  T H R E A D  ---------------

Current thread (0x0000019c07a7d2e0):  JavaThread "Unknown thread" [_thread_in_vm, id=44312, stack(0x0000002e82000000,0x0000002e82100000)]

Stack: [0x0000002e82000000,0x0000002e82100000]
Native frames: (J=compiled Java code, j=interpreted, Vv=VM code, C=native code)
V  [jvm.dll+0x678b0a]
V  [jvm.dll+0x835e84]
V  [jvm.dll+0x83762e]
V  [jvm.dll+0x837c93]
V  [jvm.dll+0x24746f]
V  [jvm.dll+0x675859]
V  [jvm.dll+0x66a0ea]
V  [jvm.dll+0x306c7b]
V  [jvm.dll+0x30e166]
V  [jvm.dll+0x35dd3e]
V  [jvm.dll+0x35df6f]
V  [jvm.dll+0x2ddb48]
V  [jvm.dll+0x2deab4]
V  [jvm.dll+0x807f31]
V  [jvm.dll+0x36bb21]
V  [jvm.dll+0x7e733c]
V  [jvm.dll+0x3ee4af]
V  [jvm.dll+0x3f00c1]
C  [jli.dll+0x528b]
C  [ucrtbase.dll+0x37b0]
C  [KERNEL32.DLL+0x2e8d7]
C  [ntdll.dll+0x8c53c]


---------------  P R O C E S S  ---------------

Threads class SMR info:
_java_thread_list=0x00007ffd0c92a018, length=0, elements={
}

Java Threads: ( => current thread )

Other Threads:
  0x0000019c21558c50 GCTaskThread "GC Thread#0" [stack: 0x0000002e82100000,0x0000002e82200000] [id=4084]
  0x0000019c07add980 ConcurrentGCThread "G1 Main Marker" [stack: 0x0000002e82200000,0x0000002e82300000] [id=34632]
  0x0000019c07aded10 ConcurrentGCThread "G1 Conc#0" [stack: 0x0000002e82300000,0x0000002e82400000] [id=28092]

[error occurred during error reporting (printing all threads), id 0xc0000005, EXCEPTION_ACCESS_VIOLATION (0xc0000005) at pc=0x00007ffd0c0fe587]

VM state: not at safepoint (not fully initialized)

VM Mutex/Monitor currently owned by a thread:  ([mutex/lock_event])
[0x0000019c0568dae0] Heap_lock - owner thread: 0x0000019c07a7d2e0

Heap address: 0x0000000743800000, size: 3016 MB, Compressed Oops mode: Zero based, Oop shift amount: 3

CDS archive(s) mapped at: [0x0000000000000000-0x0000000000000000-0x0000000000000000), size 0, SharedBaseAddress: 0x0000000800000000, ArchiveRelocationMode: 1.
Narrow klass base: 0x0000000000000000, Narrow klass shift: 0, Narrow klass range: 0x0

GC Precious Log:
<Empty>

Heap:
 garbage-first heap   total 0K, used 0K [0x0000000743800000, 0x0000000800000000)
  region size 2048K, 0 young (0K), 0 survivors (0K)

[error occurred during error reporting (printing heap information), id 0xc0000005, EXCEPTION_ACCESS_VIOLATION (0xc0000005) at pc=0x00007ffd0c4e2699]

GC Heap History (0 events):
No events

Dll operation events (1 events):
Event: 0.012 Loaded shared library C:\Program Files\Processing\runtime\bin\java.dll

Deoptimization events (0 events):
No events

Classes unloaded (0 events):
No events

Classes redefined (0 events):
No events

Internal exceptions (0 events):
No events

VM Operations (0 events):
No events

Events (0 events):
No events


Dynamic libraries:
0x00007ff7f1110000 - 0x00007ff7f1188000 	C:\Program Files\Processing\Processing.exe
0x00007ffe20ba0000 - 0x00007ffe20e07000 	C:\WINDOWS\SYSTEM32\ntdll.dll
0x00007ffe1fd60000 - 0x00007ffe1fe29000 	C:\WINDOWS\System32\KERNEL32.DLL
0x00007ffe1e490000 - 0x00007ffe1e87f000 	C:\WINDOWS\System32\KERNELBASE.dll
0x00007ffe1ffa0000 - 0x00007ffe20165000 	C:\WINDOWS\System32\USER32.dll
0x00007ffe1e260000 - 0x00007ffe1e287000 	C:\WINDOWS\System32\win32u.dll
0x00007ffe1fbf0000 - 0x00007ffe1fc1b000 	C:\WINDOWS\System32\GDI32.dll
0x00007ffe1de40000 - 0x00007ffe1df6c000 	C:\WINDOWS\System32\gdi32full.dll
0x00007ffe1e290000 - 0x00007ffe1e333000 	C:\WINDOWS\System32\msvcp_win.dll
0x00007ffe1e340000 - 0x00007ffe1e48b000 	C:\WINDOWS\System32\ucrtbase.dll
0x00007ffe1ee90000 - 0x00007ffe1f5e3000 	C:\WINDOWS\System32\SHELL32.dll
0x00007ffe1e0f0000 - 0x00007ffe1e25a000 	C:\WINDOWS\System32\wintypes.dll
0x00007ffe1f790000 - 0x00007ffe1fb15000 	C:\WINDOWS\System32\combase.dll
0x00007ffe1eaf0000 - 0x00007ffe1ec08000 	C:\WINDOWS\System32\RPCRT4.dll
0x00007ffe1fb80000 - 0x00007ffe1fbb1000 	C:\WINDOWS\System32\IMM32.DLL
0x00007ffe1ec10000 - 0x00007ffe1ed05000 	C:\WINDOWS\System32\shcore.dll
0x00007ffd9bc40000 - 0x00007ffd9bc57000 	C:\Program Files\Processing\runtime\bin\jli.dll
0x00007ffd9bbb0000 - 0x00007ffd9bbc9000 	C:\Program Files\Processing\runtime\bin\VCRUNTIME140.dll
0x00007ffe01600000 - 0x00007ffe01893000 	C:\WINDOWS\WinSxS\amd64_microsoft.windows.common-controls_6595b64144ccf1df_6.0.26100.7309_none_3e05feeae336a044\COMCTL32.dll
0x00007ffe20410000 - 0x00007ffe204b9000 	C:\WINDOWS\System32\msvcrt.dll
0x00007ffdfbde0000 - 0x00007ffdfbdec000 	C:\Program Files\Processing\runtime\bin\vcruntime140_1.dll
0x00007ffd124f0000 - 0x00007ffd12581000 	C:\Program Files\Processing\runtime\bin\msvcp140.dll
0x00007ffd0be10000 - 0x00007ffd0ca5c000 	C:\Program Files\Processing\runtime\bin\server\jvm.dll
0x00007ffe1fc20000 - 0x00007ffe1fcd4000 	C:\WINDOWS\System32\ADVAPI32.dll
0x00007ffe1e940000 - 0x00007ffe1e9e6000 	C:\WINDOWS\System32\sechost.dll
0x00007ffe1db50000 - 0x00007ffe1dbae000 	C:\WINDOWS\SYSTEM32\POWRPROF.dll
0x00007ffe0f0b0000 - 0x00007ffe0f0e5000 	C:\WINDOWS\SYSTEM32\WINMM.dll
0x00007ffe02da0000 - 0x00007ffe02daa000 	C:\WINDOWS\SYSTEM32\WSOCK32.dll
0x00007ffe13a80000 - 0x00007ffe13a8b000 	C:\WINDOWS\SYSTEM32\VERSION.dll
0x00007ffe1fce0000 - 0x00007ffe1fd54000 	C:\WINDOWS\System32\WS2_32.dll
0x00007ffe1db30000 - 0x00007ffe1db44000 	C:\WINDOWS\SYSTEM32\UMPDC.dll
0x00007ffe1caa0000 - 0x00007ffe1cabb000 	C:\WINDOWS\SYSTEM32\kernel.appcore.dll
0x00007ffdf8690000 - 0x00007ffdf869a000 	C:\Program Files\Processing\runtime\bin\jimage.dll
0x00007ffe1ad50000 - 0x00007ffe1af92000 	C:\WINDOWS\SYSTEM32\DBGHELP.DLL
0x00007ffe202a0000 - 0x00007ffe20376000 	C:\WINDOWS\System32\OLEAUT32.dll
0x00007ffe01370000 - 0x00007ffe013ac000 	C:\WINDOWS\SYSTEM32\dbgcore.DLL
0x00007ffe1e890000 - 0x00007ffe1e935000 	C:\WINDOWS\System32\bcryptPrimitives.dll
0x00007ffd641b0000 - 0x00007ffd641d5000 	C:\Program Files\Processing\runtime\bin\java.dll

dbghelp: loaded successfully - version: 4.0.5 - missing functions: none
symbol engine: initialized successfully - sym options: 0x614 - pdb path: .;C:\Program Files\Processing;C:\WINDOWS\SYSTEM32;C:\Program Files\Processing\runtime\bin;C:\WINDOWS\WinSxS\amd64_microsoft.windows.common-controls_6595b64144ccf1df_6.0.26100.7309_none_3e05feeae336a044;C:\Program Files\Processing\runtime\bin\server

VM Arguments:
jvm_args: -Djpackage.app-version=4.4.7 -Dcompose.application.resources.dir=C:\Program Files\Processing\app\resources -Dcompose.application.configure.swing.globals=true -Dprocessing.version=4.4.7 -Dprocessing.revision=1307 -Dprocessing.contributions.source=https://contributions.processing.org/contribs -Dprocessing.download.page=https://processing.org/download/ -Dprocessing.download.latest=https://processing.org/download/latest.txt -Dprocessing.tutorials=https://processing.org/tutorials/ -Dsun.java2d.metal=true -Dawt.useSystemAAFontSettings=on -Dskiko.library.path=C:\Program Files\Processing\app -Djpackage.app-path=C:\Program Files\Processing\Processing.exe 
java_command: processing.app.ProcessingKt --version
java_class_path (initial): C:\Program Files\Processing\app\app-4.4.7-e96fb85d9b87e2a6836e2468a15ca60.jar;C:\Program Files\Processing\app\animation-core-desktop-1.7.1-87bb47dcf611207d17ac1fabc2155e1.jar;C:\Program Files\Processing\app\animation-desktop-1.7.1-405fd87261449d20aacb4543f98b26b.jar;C:\Program Files\Processing\app\annotation-jvm-1.8.0-3c74b73c0c75521f67964f11b28dec9.jar;C:\Program Files\Processing\app\annotations-23.0.0-8484cd17d040d837983323f760b2c660.jar;C:\Program Files\Processing\app\ant-1.10.14-263e0d844d0e4efa54440ec5ed6362a.jar;C:\Program Files\Processing\app\ant-launcher-1.10.14-e6c71b2f05383e1fb891e99f5267663.jar;C:\Program Files\Processing\app\antlr-2.7.7-f8f1352c52a4c6a50b59759651fc64.jar;C:\Program Files\Processing\app\antlr-runtime-3.5.2-1fbbae2cb72530207c20b797bdabd029.jar;C:\Program Files\Processing\app\antlr4-4.7.2-fb6d825b259de868e7f38bf1b8fa0b9.jar;C:\Program Files\Processing\app\antlr4-runtime-4.7.2-2592a7a5d732ad5f6677bf41f77a11.jar;C:\Program Files\Processing\app\atomicfu-jvm-0.23.2-5e4f88ed1c37222d791f5dcadf481498.jar;C:\Program Files\Processing\app\classpath-explorer-1.0-caab34e762a7f05d30ac7d40af90b3ef.jar;C:\Program Files\Processing\app\clikt-jvm-56324132fdbcd27f903c16d7bcfa4b8.jar;C:\Program Files\Processing\app\clikt-mordant-jvm-3c28e5f442b1e2978ce8fbd2f56e541.jar;C:\Program Files\Processing\app\collection-jvm-1.4.0-3f0597ec99a52ecdbf6f3962c5dc77a.jar;C:\Program Files\Processing\app\colormath-jvm-6a279b2713acb5c7ffb5e683bf2841.jar;C:\Program Files\Processing\app\compottie-desktop-2.0.0-rc02-5f1edfd67e18f4319b4c781c2b3d1e4.jar;C:\Program Files\Processing\app\core-4.4.7-b3ecf8494d828528c05573c1edbb881.jar;C:\Program Files\Processing\app\core-common-2.2.0-2212d240dfe1e8a7598ee117ccc316d.jar;C:\Program Files\Processing\app\desktop-jvm-1.7.1-de424e1ca627c3ee7de0f1f65430b2c5.jar;C:\Program Files\Processing\app\flatlaf-2.4-6481e9fa65e13e28c37547e0fd1dc2.jar;C:\Program Files\Processing\app\foundation-desktop-1.7.1-2d7e40c714a890b0ea366
Launcher Type: SUN_STANDARD

[Global flags]
     intx CICompilerCount                          = 12                                        {product} {ergonomic}
     uint ConcGCThreads                            = 4                                         {product} {ergonomic}
     uint G1ConcRefinementThreads                  = 15                                        {product} {ergonomic}
   size_t G1HeapRegionSize                         = 2097152                                   {product} {ergonomic}
    uintx GCDrainStackTargetSize                   = 64                                        {product} {ergonomic}
   size_t InitialHeapSize                          = 199229440                                 {product} {ergonomic}
   size_t MarkStackSize                            = 4194304                                   {product} {ergonomic}
   size_t MaxHeapSize                              = 3162505216                                {product} {ergonomic}
   size_t MinHeapDeltaBytes                        = 2097152                                   {product} {ergonomic}
   size_t MinHeapSize                              = 8388608                                   {product} {ergonomic}
    uintx NonNMethodCodeHeapSize                   = 7602480                                {pd product} {ergonomic}
    uintx NonProfiledCodeHeapSize                  = 122027880                              {pd product} {ergonomic}
    uintx ProfiledCodeHeapSize                     = 122027880                              {pd product} {ergonomic}
    uintx ReservedCodeCacheSize                    = 251658240                              {pd product} {ergonomic}
     bool SegmentedCodeCache                       = true                                      {product} {ergonomic}
   size_t SoftMaxHeapSize                          = 3162505216                             {manageable} {ergonomic}
     bool UseCompressedClassPointers               = true                           {product lp64_product} {ergonomic}
     bool UseCompressedOops                        = true                           {product lp64_product} {ergonomic}
     bool UseG1GC                                  = true                                      {product} {ergonomic}
     bool UseLargePagesIndividualAllocation        = false                                  {pd product} {ergonomic}

Logging:
Log output configuration:
 #0: stdout all=warning uptime,level,tags
 #1: stderr all=off uptime,level,tags

Environment Variables:
JAVA_HOME=C:\Program Files\Microsoft\jdk-21.0.7.6-hotspot\
PATH=C:\Program Files\Microsoft\jdk-21.0.7.6-hotspot\bin;C:\Program Files\Common Files\Oracle\Java\javapath;C:\Program Files (x86)\Common Files\Oracle\Java\java8path;C:\Program Files (x86)\Common Files\Oracle\Java\javapath;C:\Program Files\Eclipse Adoptium\jdk-21.0.4.7-hotspot\bin;C:\WINDOWS\system32;C:\WINDOWS;C:\WINDOWS\System32\Wbem;C:\WINDOWS\System32\WindowsPowerShell\v1.0\;C:\WINDOWS\System32\OpenSSH\;C:\Program Files (x86)\NVIDIA Corporation\PhysX\Common;C:\Program Files\NVIDIA Corporation\NVIDIA NvDLISR;C:\Program Files\Git\cmd;C:\Program Files\dotnet\;C:\Users\Lenovo\AppData\Local\Dev\flutter\bin;C:\ProgramData\ComposerSetup\bin;D:\laragon\bin\php\php-8.3.13-nts-Win32-vs16-x64;C:\Program Files\Java\jdk-17\bin;C:\Program Files\nodejs\;C:\ProgramData\chocolatey\bin;C:\Program Files\eSpeak NG\;C:\Program Files\Cloudflare\Cloudflare WARP\;C:\Users\Lenovo\AppData\Local\Programs\Python\Python314\Scripts\;C:\Users\Lenovo\AppData\Local\Programs\Python\Python314\;C:\Users\Lenovo\AppData\Local\Microsoft\WindowsApps;C:\Users\Lenovo\AppData\Local\Programs\Microsoft VS Code\bin;C:\php-8.3.11-Win32-vs16-x64;C:\Users\Lenovo\AppData\Local\Dev\flutter\bin;C:\Users\Lenovo\AppData\Local\GitHubDesktop\bin;C:\Users\Lenovo\AppData\Roaming\Composer\vendor\bin;C:\Users\Lenovo\.dotnet\tools;C:\Users\Lenovo\AppData\Roaming\npm;C:\Users\Lenovo\AppData\Local\Programs\Python\Python313;C:\Users\Lenovo\AppData\Local\Programs\Python\Python311\Lib;C:\Program Files\Processing\;C:\Program Files\Processing\app
USERNAME=Lenovo
OS=Windows_NT
PROCESSOR_IDENTIFIER=Intel64 Family 6 Model 183 Stepping 1, GenuineIntel
TMP=C:\Users\Lenovo\AppData\Local\Temp
TEMP=C:\Users\Lenovo\AppData\Local\Temp



---------------  S Y S T E M  ---------------

OS:
 Windows 11 , 64 bit Build 26100 (10.0.26100.7309)
OS uptime: 3 days 3:18 hours
Hyper-V role detected

CPU: total 20 (initial active 20) (10 cores per cpu, 2 threads per core) family 6 model 183 stepping 1 microcode 0x12e, cx8, cmov, fxsr, ht, mmx, 3dnowpref, sse, sse2, sse3, ssse3, sse4.1, sse4.2, popcnt, lzcnt, tsc, tscinvbit, avx, avx2, aes, erms, clmul, bmi1, bmi2, adx, sha, fma, vzeroupper, clflush, clflushopt, clwb, hv
Processor Information for all 20 processors :
  Max Mhz: 2600, Current Mhz: 2600, Mhz Limit: 2600

Memory: 4k page, system-wide physical 12063M (748M free)
TotalPageFile size 30429M (AvailPageFile size 117M)
current process WorkingSet (physical memory assigned to process): 14M, peak: 14M
current process commit charge ("private bytes"): 75M, peak: 265M

vm_info: OpenJDK 64-Bit Server VM (17.0.8.1+1) for windows-amd64 JRE (17.0.8.1+1), built on Aug 23 2023 15:29:17 by "admin" with MS VC++ 16.7 (VS2019)

END.
